     1                                  bits 32
     2                                  
     3                                  global start
     4                                  
     5                                  extern exit, scanf, printf, fopen, fread, fclose, fprintf
     6                                  
     7                                  import exit msvcrt.dll
     8                                  import scanf msvcrt.dll
     9                                  import printf msvcrt.dll
    10                                  import fopen msvcrt.dll
    11                                  import fread msvcrt.dll
    12                                  import fclose msvcrt.dll
    13                                  import fprintf msvcrt.dll
    14                                  
    15                                  segment data use32 class=data
    16 00000000 00000000                    c dd 0
    17 00000004 256300                      format_scan_caracter db "%c",0
    18                                      
    19 00000007 00000000                    n dd 0
    20 0000000B 256400                      format_scan_numar db "%d",0
    21                                      
    22 0000000E <res 00000064>              nume_fisier resb 100
    23 00000072 7700                        mod_acces_creare db "w",0
    24 00000074 257300                      format_creare_fisier db "%s",0
    25                                      
    26 00000077 FFFFFFFF                    descriptor_fisier dd -1
    27                                      
    28 0000007B 616E6100                    continut_fisier_txt db "ana",0
    29                                      
    30                                      len equ 100
    31 0000007F 00000000<rept>              text times len dd 0
    32                                      
    33 0000020F 4E756D6172756C2064-         format_egale db "Numarul de aparitii al caracterului %c ESTE egal cu numarul %d citit",0
    33 00000218 652061706172697469-
    33 00000221 6920616C2063617261-
    33 0000022A 63746572756C756920-
    33 00000233 256320455354452065-
    33 0000023C 67616C206375206E75-
    33 00000245 6D6172756C20256420-
    33 0000024E 636974697400       
    34 00000254 4E756D6172756C2064-         format_nu_egale db "Numarul de aparitii al caracterului %c NU ESTE egal cu numarul %d citit",0
    34 0000025D 652061706172697469-
    34 00000266 6920616C2063617261-
    34 0000026F 63746572756C756920-
    34 00000278 2563204E5520455354-
    34 00000281 45206567616C206375-
    34 0000028A 206E756D6172756C20-
    34 00000293 256420636974697400 
    35                                      
    36                                      
    37                                  segment code use32 class=code
    38                                      start:
    39                                          ; ...
    40                                          
    41                                          ;caracter
    42 00000000 68[00000000]                    push dword c
    43 00000005 68[04000000]                    push dword format_scan_caracter
    44 0000000A FF15[00000000]                  call [scanf]
    45 00000010 83C408                          add esp,4*2
    46                                          
    47 00000013 FF35[00000000]                  push dword [c]
    48 00000019 68[04000000]                    push dword format_scan_caracter
    49 0000001E FF15[00000000]                  call [printf]
    50 00000024 83C408                          add esp,4*2
    51                                          
    52                                          
    53                                          ;numar
    54 00000027 68[07000000]                    push dword n
    55 0000002C 68[0B000000]                    push dword format_scan_numar
    56 00000031 FF15[00000000]                  call [scanf]
    57 00000037 83C408                          add esp,4*2
    58                                          
    59 0000003A FF35[07000000]                  push dword [n]
    60 00000040 68[0B000000]                    push dword format_scan_numar
    61 00000045 FF15[00000000]                  call [printf]
    62 0000004B 83C408                          add esp,4*2
    63                                          
    64                                  
    65                                          
    66                                          ;fisier
    67 0000004E 68[0E000000]                    push dword nume_fisier
    68 00000053 68[74000000]                    push dword format_creare_fisier
    69 00000058 FF15[00000000]                  call [scanf]
    70 0000005E 83C408                          add esp,4*2
    71                                          
    72 00000061 68[72000000]                    push dword mod_acces_creare
    73 00000066 68[0E000000]                    push dword nume_fisier
    74 0000006B FF15[00000000]                  call [fopen]
    75 00000071 83C408                          add esp,4*2
    76                                          
    77 00000074 A3[77000000]                    mov [descriptor_fisier],eax
    78 00000079 83F800                          cmp eax,0
    79 0000007C 0F84A6000000                    je final
    80                                          
    81 00000082 68[7B000000]                    push dword continut_fisier_txt
    82 00000087 FF35[77000000]                  push dword [descriptor_fisier]
    83 0000008D FF15[00000000]                  call [fprintf]
    84 00000093 83C408                          add esp,4*2
    85                                          
    86 00000096 FF35[77000000]                  push dword [descriptor_fisier]
    87 0000009C 6A64                            push dword len
    88 0000009E 6A01                            push dword 1
    89 000000A0 68[7F000000]                    push dword text
    90 000000A5 89C3                            mov ebx,eax
    91 000000A7 FF15[00000000]                  call [fread]
    92 000000AD 83C410                          add esp,4*4
    93                                          
    94                                          
    95                                          
    96 000000B0 FF35[77000000]                  push dword [descriptor_fisier]
    97 000000B6 FF15[00000000]                  call [fclose]
    98 000000BC 83C404                          add esp,4
    99                                          
   100 000000BF B900000000                      mov ecx,0
   101 000000C4 BE[7F000000]                    mov esi,text
   102 000000C9 29DE                            sub esi,ebx
   103 000000CB 83EE01                          sub esi,1
   104                                          
   105 000000CE 8A15[00000000]                  mov dl,[c]
   106 000000D4 B300                            mov bl,0
   107                                          
   108 000000D6 EB00                            jmp verifica_cuvant
   109                                          
   110                                          verifica_cuvant:
   111 000000D8 8A06                                mov al,[esi]
   112 000000DA 3C00                                cmp al,0
   113 000000DC 740C                                je afisare
   114                                              
   115 000000DE 38D0                                cmp al,dl
   116 000000E0 7403                                je incr
   117                                              
   118 000000E2 46                                  inc esi
   119 000000E3 EBF3                                jmp verifica_cuvant
   120                                              
   121                                  
   122                                          incr:
   123 000000E5 FEC3                                inc bl
   124 000000E7 46                                  inc esi
   125 000000E8 EBEE                                jmp verifica_cuvant
   126                                             
   127                                          afisare:
   128 000000EA 3A1D[07000000]                      cmp bl,[n]
   129 000000F0 741C                                je egale
   130                                              
   131 000000F2 FF35[07000000]                      push dword [n]
   132 000000F8 FF35[00000000]                      push dword [c]
   133 000000FE 68[54020000]                        push format_nu_egale
   134 00000103 FF15[00000000]                      call [printf]
   135 00000109 83C40C                              add esp,4*3
   136 0000010C EB1A                                jmp final
   137                                              
   138                                              egale:
   139 0000010E FF35[07000000]                          push dword [n]
   140 00000114 FF35[00000000]                          push dword [c]
   141 0000011A 68[0F020000]                            push format_egale
   142 0000011F FF15[00000000]                          call [printf]
   143 00000125 83C40C                                  add esp,4*3
   144                                              
   145                                          final:
   146                                          ; exit(0)
   147 00000128 6A00                            push dword 0      ; push the parameter for exit onto the stack
   148 0000012A FF15[00000000]                  call [exit]
   149                                          
   150                                          
